[18:49:42] Build started at 2026-05-15T18:49:42-05:00
[18:49:42] Clearing output directory: /var/www/html/bludit/bl-content/static-build/
[18:49:43] OK  render /
[18:49:44] OK  render /?page=2
[18:49:44] OK  render /?page=3
[18:49:45] OK  render /?page=4
[18:49:45] OK  render /?page=5
[18:49:45] OK  render /?page=6
[18:49:46] OK  render /?page=7
[18:49:46] OK  render /?page=8
[18:49:46] OK  render /?page=9
[18:49:47] OK  render /the-evolution-of-a-site-and-a-homelab
[18:49:47] OK  render /homelab-md-offline-homelab-documentation
[18:49:47] OK  render /glimpse-into-your-media
[18:49:48] OK  render /checkout-clix
[18:49:48] OK  render /dumbprojects
[18:49:48] OK  render /resume
[18:49:49] OK  render /homelab-specs
[18:49:49] OK  render /introducing-posteria
[18:49:49] OK  render /libretto-plex-library-metadata-exporter
[18:49:50] OK  render /ai-game-collection
[18:49:50] OK  render /the-perfect-travel-tv-setup
[18:49:51] OK  render /i-won-a-server
[18:49:51] OK  render /plex-server-upgrade
[18:49:51] OK  render /jellyfin-nowplaying
[18:49:52] OK  render /moviecli
[18:49:52] OK  render /pi-hole-tailscale
[18:49:52] OK  render /node-red-upgrades-v3
[18:49:53] OK  render /pi-hole-upgrades
[18:49:53] OK  render /octoprint-node-live-stream
[18:49:53] OK  render /ubuntuce-resurrected
[18:49:54] OK  render /pi-lab-upgrades
[18:49:54] OK  render /gatsby-bludit
[18:49:54] OK  render /octoprint-node
[18:49:55] OK  render /roadside-america
[18:49:55] OK  render /restreamer
[18:49:55] OK  render /pi-lab-monitor-node
[18:49:56] OK  render /new-pi-lab-media-nodes
[18:49:56] OK  render /node-red-twitter-bot
[18:49:56] OK  render /fold-for-covid
[18:49:57] OK  render /404
[18:49:57] OK  render /seti-home-hibernation
[18:49:57] OK  render /pi-dashboard-ui
[18:49:58] OK  render /prometheus-grafana
[18:49:58] OK  render /resources
[18:49:58] OK  render /raspcontroller-android-app
[18:49:59] OK  render /pi-zero-wall-plug-web-server
[18:49:59] OK  render /quick-wordpress
[18:49:59] OK  render /bludit-pi
[18:50:00] OK  render /bludit-vagrant
[18:50:00] OK  render /dev-dashboard-build-tool
[18:50:01] OK  render /raspberry-pi-portable-dev-server
[18:50:01] OK  render /pi-lab-twitter-bot
[18:50:01] OK  render /pi-lab-seti-home-node
[18:50:02] OK  render /pi-lab-sd-card-upgrade
[18:50:02] OK  render /bludit-api-php-example
[18:50:02] OK  render /plugins
[18:50:03] OK  render /pi-lab-setup
[18:50:03] OK  render /first-cms-upgrade
[18:50:03] OK  render /bludit-mention
[18:50:04] OK  render /bludit-flat-file-cms
[18:50:04] OK  render /randomgoat
[18:50:04] OK  render /pi-hole-is-amazing
[18:50:05] OK  render /sysk-podcast
[18:50:05] OK  render /specs
[18:50:05] OK  render /category/ai
[18:50:06] OK  render /category/archived
[18:50:06] OK  render /category/general
[18:50:06] OK  render /category/media-servers
[18:50:07] OK  render /tag/3d-printing
[18:50:07] OK  render /tag/ai
[18:50:07] OK  render /tag/android
[18:50:08] OK  render /tag/api
[18:50:08] OK  render /tag/bludit
[18:50:08] OK  render /tag/dev
[18:50:09] OK  render /tag/games
[18:50:09] OK  render /tag/gatsby
[18:50:09] OK  render /tag/giveaway
[18:50:10] OK  render /tag/goat
[18:50:10] OK  render /tag/homelab
[18:50:10] OK  render /tag/jellyfin
[18:50:11] OK  render /tag/kodi
[18:50:11] OK  render /tag/linux
[18:50:11] OK  render /tag/live-stream
[18:50:12] OK  render /tag/media-server
[18:50:12] OK  render /tag/mini-pc
[18:50:12] OK  render /tag/node-red
[18:50:13] OK  render /tag/pi
[18:50:13] OK  render /tag/pi-hole
[18:50:13] OK  render /tag/pilab
[18:50:14] OK  render /tag/plex
[18:50:14] OK  render /tag/plex-media-server
[18:50:15] OK  render /tag/plugins
[18:50:15] OK  render /tag/podcast
[18:50:15] OK  render /tag/randomgoat
[18:50:16] OK  render /tag/raspberry-pi
[18:50:16] OK  render /tag/restreamer
[18:50:16] OK  render /tag/roadside-america
[18:50:17] OK  render /tag/sandisk
[18:50:17] OK  render /tag/selfhosting
[18:50:17] OK  render /tag/server
[18:50:18] OK  render /tag/seti-home
[18:50:18] OK  render /tag/ubuntu
[18:50:18] OK  render /tag/ubuntuce
[18:50:19] OK  render /tag/upgrade
[18:50:19] OK  render /tag/vagrant
[18:50:19] OK  render /tag/wordpress
[18:50:20] OK  render /tag/youtube-tv
[18:50:20] OK  disk  /bl-themes/nova/img/favicon.ico
[18:50:20] OK  disk  /bl-themes/nova/css/theme.css?version=3.22.0 [text/css]
[18:50:20] OK  disk  /bl-content/uploads/jereme-dev.png
[18:50:20] OK  disk  /bl-themes/nova/img/bludit.png
[18:50:20] OK  disk  /bl-themes/nova/img/patreon.png
[18:50:20] OK  disk  /bl-themes/nova/js/lozad.min.js?version=3.22.0
[18:50:20] OK  disk  /bl-themes/nova/js/theme.js?version=3.22.0
[18:50:20] OK  disk  /bl-content/uploads/pages/327e0dfa19bb26d9f9a78d54efa5ef47/thumbnails/pilab-jerme-png.png
[18:50:20] OK  disk  /bl-content/uploads/pages/e678e6a723a26a5ecb7a5f79030f0ab7/thumbnails/homelab-newer-png.png
[18:50:20] OK  disk  /bl-content/uploads/pages/403721c70917a1fdddf11e33a1fa0365/thumbnails/glimpse-newer-png_0.png
[18:50:20] OK  disk  /bl-content/uploads/pages/75ff222ff48e1b3cb6982211e6d72987/thumbnails/CLIX-new-png.png
[18:50:20] OK  disk  /bl-content/uploads/pages/782e531ab637451cf79a40ca150604c5/thumbnails/posteria-newer-png.png
[18:50:20] OK  disk  /bl-content/uploads/pages/2dcc539255956b2c8ec293f1ea620010/thumbnails/libretto-new-png.png
[18:50:20] OK  disk  /bl-content/uploads/pages/b76e72cdd1ec17ffdf9eab71f7338e98/thumbnails/aigamecollection-png.png
[18:50:20] OK  disk  /bl-content/uploads/bltsearch.json
[18:50:20] OK  disk  /bl-content/uploads/profiles/admin.png
[18:50:20] OK  disk  /bl-content/uploads/pages/627791d0547dcea880918b6bc9e9a416/why-raspberry-pi.png
[18:50:20] OK  disk  /bl-content/uploads/pages/627791d0547dcea880918b6bc9e9a416/thumbnails/why-raspberry-pi.png
[18:50:20] OK  disk  /bl-content/uploads/pages/726f105976d23905b8de01992f54c3a4/thumbnails/pizero-big.png
[18:50:20] OK  disk  /bl-content/uploads/pages/726f105976d23905b8de01992f54c3a4/thumbnails/pizero-dashboard.png
[18:50:20] OK  disk  /bl-content/uploads/pages/726f105976d23905b8de01992f54c3a4/thumbnails/pizero.png
[18:50:20] OK  disk  /bl-content/uploads/pages/726f105976d23905b8de01992f54c3a4/pizero-big.png
[18:50:20] OK  disk  /bl-content/uploads/pages/726f105976d23905b8de01992f54c3a4/pizero-dashboard.png
[18:50:20] OK  disk  /bl-content/uploads/pages/726f105976d23905b8de01992f54c3a4/pizero.png
[18:50:20] OK  disk  /bl-content/uploads/pages/0d13f71e0213b69969895f30543e761c/thumbnails/seti_at_home.jpg
[18:50:20] OK  disk  /bl-content/uploads/pages/0d13f71e0213b69969895f30543e761c/seti_at_home.jpg
[18:50:20] OK  disk  /bl-content/uploads/pages/c3b759b0f699f31b9bbf641efcf6cbe5/plugins-new-png.png
[18:50:20] OK  disk  /bl-content/uploads/pages/c3b759b0f699f31b9bbf641efcf6cbe5/navigation-pilab.png
[18:50:20] OK  disk  /bl-content/uploads/pages/c3b759b0f699f31b9bbf641efcf6cbe5/web-stats-pilab.png
[18:50:20] OK  disk  /bl-content/uploads/pages/c3b759b0f699f31b9bbf641efcf6cbe5/version-pilab.png
[18:50:20] OK  disk  /bl-content/uploads/pages/c3b759b0f699f31b9bbf641efcf6cbe5/thumbnails/plugins-new-png.png
[18:50:20] OK  disk  /bl-content/uploads/pages/c3b759b0f699f31b9bbf641efcf6cbe5/thumbnails/navigation-pilab.png
[18:50:20] OK  disk  /bl-content/uploads/pages/c3b759b0f699f31b9bbf641efcf6cbe5/thumbnails/web-stats-pilab.png
[18:50:20] OK  disk  /bl-content/uploads/pages/c3b759b0f699f31b9bbf641efcf6cbe5/thumbnails/version-pilab.png
[18:50:20] OK  disk  /bl-content/uploads/pages/c3b759b0f699f31b9bbf641efcf6cbe5/thumbnails/plugins-pilab.png
[18:50:20] OK  disk  /bl-content/uploads/pages/c3b759b0f699f31b9bbf641efcf6cbe5/thumbnails/redirect.png
[18:50:20] OK  disk  /bl-content/uploads/pages/c3b759b0f699f31b9bbf641efcf6cbe5/thumbnails/robots-pilab.png
[18:50:20] OK  disk  /bl-content/uploads/pages/c3b759b0f699f31b9bbf641efcf6cbe5/thumbnails/show-node-plugin.png
[18:50:20] OK  disk  /bl-content/uploads/pages/c3b759b0f699f31b9bbf641efcf6cbe5/thumbnails/target-blank.png
[18:50:20] OK  disk  /bl-content/uploads/pages/c3b759b0f699f31b9bbf641efcf6cbe5/plugins-pilab.png
[18:50:20] OK  disk  /bl-content/uploads/pages/c3b759b0f699f31b9bbf641efcf6cbe5/redirect.png
[18:50:20] OK  disk  /bl-content/uploads/pages/c3b759b0f699f31b9bbf641efcf6cbe5/robots-pilab.png
[18:50:20] OK  disk  /bl-content/uploads/pages/c3b759b0f699f31b9bbf641efcf6cbe5/show-node-plugin.png
[18:50:20] OK  disk  /bl-content/uploads/pages/c3b759b0f699f31b9bbf641efcf6cbe5/target-blank.png
[18:50:20] OK  disk  /bl-content/uploads/pages/742ad4233bf89bf642371bf15216842b/animaltv.png
[18:50:20] OK  disk  /bl-content/uploads/pages/742ad4233bf89bf642371bf15216842b/thumbnails/animaltv.png
[18:50:20] OK  disk  /bl-content/uploads/pages/742ad4233bf89bf642371bf15216842b/thumbnails/animal-tv-screenshot.png
[18:50:20] OK  disk  /bl-content/uploads/pages/742ad4233bf89bf642371bf15216842b/animal-tv-screenshot.png
[18:50:21] OK  disk  /bl-content/uploads/pages/e4bec191d6976004c6edf1ff05699bae/thumbnails/pilab-404.png
[18:50:21] OK  disk  /bl-content/uploads/pages/e4bec191d6976004c6edf1ff05699bae/thumbnails/404.jpg
[18:50:21] OK  disk  /bl-content/uploads/pages/e4bec191d6976004c6edf1ff05699bae/pilab-404.png
[18:50:21] OK  disk  /bl-content/uploads/pages/e4bec191d6976004c6edf1ff05699bae/404.jpg
[18:50:21] OK  disk  /bl-content/uploads/pages/a20f34648801424c71141b378e12e367/thumbnails/sysk-logo.jpg
[18:50:21] OK  disk  /bl-content/uploads/pages/a20f34648801424c71141b378e12e367/thumbnails/sysk-new-png.png
[18:50:21] OK  disk  /bl-content/uploads/pages/a20f34648801424c71141b378e12e367/sysk-logo.jpg
[18:50:21] OK  disk  /bl-content/uploads/pages/a20f34648801424c71141b378e12e367/sysk-new-png.png
[18:50:21] OK  disk  /bl-content/uploads/pages/481e97ca001cee77e02fb7009ced50ca/bludit_tweet.png
[18:50:21] OK  disk  /bl-content/uploads/pages/481e97ca001cee77e02fb7009ced50ca/thumbnails/bludit_tweet.png
[18:50:21] OK  disk  /bl-content/uploads/pages/47f17725790d2c6f040eb40ec8456bfb/raspcontroller-new-png.png
[18:50:21] OK  disk  /bl-content/uploads/pages/47f17725790d2c6f040eb40ec8456bfb/thumbnails/raspcontroller-new-png.png
[18:50:21] OK  disk  /bl-content/uploads/pages/47f17725790d2c6f040eb40ec8456bfb/thumbnails/RaspController-logo-compressed.jpg
[18:50:21] OK  disk  /bl-content/uploads/pages/47f17725790d2c6f040eb40ec8456bfb/thumbnails/RaspController.png
[18:50:21] OK  disk  /bl-content/uploads/pages/47f17725790d2c6f040eb40ec8456bfb/RaspController-logo-compressed.jpg
[18:50:21] OK  disk  /bl-content/uploads/pages/47f17725790d2c6f040eb40ec8456bfb/RaspController.png
[18:50:21] OK  disk  /bl-content/uploads/pages/94a28a727ba5e3fad78b2d7d5221b126/thumbnails/moviecli.png
[18:50:21] OK  disk  /bl-content/uploads/pages/94a28a727ba5e3fad78b2d7d5221b126/thumbnails/moviecli-new-png.png
[18:50:21] OK  disk  /bl-content/uploads/pages/94a28a727ba5e3fad78b2d7d5221b126/moviecli.png
[18:50:21] OK  disk  /bl-content/uploads/pages/94a28a727ba5e3fad78b2d7d5221b126/moviecli-new-png.png
[18:50:21] OK  disk  /bl-content/uploads/pages/75ff222ff48e1b3cb6982211e6d72987/thumbnails/CLIX-large-png.png
[18:50:21] OK  disk  /bl-content/uploads/pages/75ff222ff48e1b3cb6982211e6d72987/thumbnails/CLIX-png.png
[18:50:21] OK  disk  /bl-content/uploads/pages/75ff222ff48e1b3cb6982211e6d72987/CLIX-large-png.png
[18:50:21] OK  disk  /bl-content/uploads/pages/75ff222ff48e1b3cb6982211e6d72987/CLIX-new-png.png
[18:50:21] OK  disk  /bl-content/uploads/pages/75ff222ff48e1b3cb6982211e6d72987/CLIX-png.png
[18:50:21] OK  disk  /bl-content/uploads/pages/521564befbfb99c2e9a16f6e2e4ce421/thumbnails/bludit-api-new-png.png
[18:50:21] OK  disk  /bl-content/uploads/pages/521564befbfb99c2e9a16f6e2e4ce421/thumbnails/bludit-api.png
[18:50:21] OK  disk  /bl-content/uploads/pages/521564befbfb99c2e9a16f6e2e4ce421/bludit-api-new-png.png
[18:50:21] OK  disk  /bl-content/uploads/pages/521564befbfb99c2e9a16f6e2e4ce421/bludit-api.png
[18:50:21] OK  disk  /bl-content/uploads/pages/241c4852179f57be27536866df35d4ae/thumbnails/restreamer.png
[18:50:21] OK  disk  /bl-content/uploads/pages/241c4852179f57be27536866df35d4ae/thumbnails/restreamer-icon.png
[18:50:21] OK  disk  /bl-content/uploads/pages/241c4852179f57be27536866df35d4ae/thumbnails/restreamer-new-png.png
[18:50:21] OK  disk  /bl-content/uploads/pages/241c4852179f57be27536866df35d4ae/restreamer.png
[18:50:21] OK  disk  /bl-content/uploads/pages/241c4852179f57be27536866df35d4ae/restreamer-icon.png
[18:50:21] OK  disk  /bl-content/uploads/pages/241c4852179f57be27536866df35d4ae/restreamer-new-png.png
[18:50:21] OK  disk  /bl-content/uploads/pages/f7a9f3c988752b64b891403e01748dde/thumbnails/fold-for-covid-new-png.png
[18:50:21] OK  disk  /bl-content/uploads/pages/f7a9f3c988752b64b891403e01748dde/thumbnails/BOINC.png
[18:50:21] OK  disk  /bl-content/uploads/pages/f7a9f3c988752b64b891403e01748dde/fold-for-covid-new-png.png
[18:50:21] OK  disk  /bl-content/uploads/pages/f7a9f3c988752b64b891403e01748dde/BOINC.png
[18:50:21] OK  disk  /bl-content/uploads/pages/b9fa2fb2a1a23cc3a0fd7a6bac277b3e/thumbnails/Kodi-Logo.png
[18:50:21] OK  disk  /bl-content/uploads/pages/b9fa2fb2a1a23cc3a0fd7a6bac277b3e/Kodi-Logo.png
[18:50:21] OK  disk  /bl-content/uploads/pages/782e531ab637451cf79a40ca150604c5/posteria-screenshot.png
[18:50:21] OK  disk  /bl-content/uploads/pages/782e531ab637451cf79a40ca150604c5/thumbnails/posteria-screenshot.png
[18:50:21] OK  disk  /bl-content/uploads/pages/782e531ab637451cf79a40ca150604c5/thumbnails/posteria.png
[18:50:21] OK  disk  /bl-content/uploads/pages/782e531ab637451cf79a40ca150604c5/posteria-newer-png.png
[18:50:21] OK  disk  /bl-content/uploads/pages/782e531ab637451cf79a40ca150604c5/posteria.png
[18:50:21] OK  disk  /bl-content/uploads/pages/ae6baedd36be1d5b3fa9ec0d872cc735/picluster-v3.jpg
[18:50:21] OK  disk  /bl-content/uploads/pages/ae6baedd36be1d5b3fa9ec0d872cc735/picluster.jpg
[18:50:21] OK  disk  /bl-content/uploads/pages/ae6baedd36be1d5b3fa9ec0d872cc735/thumbnails/picluster-v3.jpg
[18:50:21] OK  disk  /bl-content/uploads/pages/ae6baedd36be1d5b3fa9ec0d872cc735/thumbnails/picluster.jpg
[18:50:21] OK  disk  /bl-content/uploads/pages/ae6baedd36be1d5b3fa9ec0d872cc735/thumbnails/picluster-v2.jpg
[18:50:21] OK  disk  /bl-content/uploads/pages/ae6baedd36be1d5b3fa9ec0d872cc735/picluster-v2.jpg
[18:50:21] OK  disk  /bl-content/uploads/pages/c3aeb3243a0445bc73deb6d931a0b7f0/pi-lab-weather.png
[18:50:21] OK  disk  /bl-content/uploads/pages/c3aeb3243a0445bc73deb6d931a0b7f0/thumbnails/pi-lab-weather.png
[18:50:21] OK  disk  /bl-content/uploads/pages/89e9143555d071d55ac2daaebd4f2a00/minisforum-ms-a1.png
[18:50:21] OK  disk  /bl-content/uploads/pages/89e9143555d071d55ac2daaebd4f2a00/thumbnails/minisforum-ms-a1.png
[18:50:21] OK  disk  /bl-content/uploads/pages/89e9143555d071d55ac2daaebd4f2a00/thumbnails/i-won-a-server-png.png
[18:50:21] OK  disk  /bl-content/uploads/pages/89e9143555d071d55ac2daaebd4f2a00/thumbnails/minisforum-ms-a1-thumb.png
[18:50:21] OK  disk  /bl-content/uploads/pages/89e9143555d071d55ac2daaebd4f2a00/thumbnails/minisforum-ms-a1-thumb2.png
[18:50:21] OK  disk  /bl-content/uploads/pages/89e9143555d071d55ac2daaebd4f2a00/i-won-a-server-png.png
[18:50:21] OK  disk  /bl-content/uploads/pages/89e9143555d071d55ac2daaebd4f2a00/minisforum-ms-a1-thumb.png
[18:50:21] OK  disk  /bl-content/uploads/pages/89e9143555d071d55ac2daaebd4f2a00/minisforum-ms-a1-thumb2.png
[18:50:21] OK  disk  /bl-content/uploads/pages/b3c9f34aa0cb8225b2ce75d480025d36/pi-lab-node-red-twitter-bot-flow-v3.png
[18:50:21] OK  disk  /bl-content/uploads/pages/b3c9f34aa0cb8225b2ce75d480025d36/pi-lab-node-red-twitter-bot-current-2.png
[18:50:21] OK  disk  /bl-content/uploads/pages/b3c9f34aa0cb8225b2ce75d480025d36/node-red-twitter-bot-with-junctions.png
[18:50:21] OK  disk  /bl-content/uploads/pages/b3c9f34aa0cb8225b2ce75d480025d36/thumbnails/pi-lab-node-red-twitter-bot-flow-v3.png
[18:50:21] OK  disk  /bl-content/uploads/pages/b3c9f34aa0cb8225b2ce75d480025d36/thumbnails/pi-lab-node-red-twitter-bot-current-2.png
[18:50:21] OK  disk  /bl-content/uploads/pages/b3c9f34aa0cb8225b2ce75d480025d36/thumbnails/node-red-twitter-bot-with-junctions.png
[18:50:21] OK  disk  /bl-content/uploads/pages/b3c9f34aa0cb8225b2ce75d480025d36/thumbnails/pi-lab-node-red-twitter-bot-v6.png
[18:50:21] OK  disk  /bl-content/uploads/pages/b3c9f34aa0cb8225b2ce75d480025d36/thumbnails/pi-lab-node-red-twitter-bot-v4.5.png
[18:50:21] OK  disk  /bl-content/uploads/pages/b3c9f34aa0cb8225b2ce75d480025d36/thumbnails/pi-lab-node-red-twitter-bot-flow.png
[18:50:21] OK  disk  /bl-content/uploads/pages/b3c9f34aa0cb8225b2ce75d480025d36/thumbnails/node-red-logo-2.png
[18:50:21] OK  disk  /bl-content/uploads/pages/b3c9f34aa0cb8225b2ce75d480025d36/thumbnails/pi-lab-node-red-twitter-bot.png
[18:50:21] OK  disk  /bl-content/uploads/pages/b3c9f34aa0cb8225b2ce75d480025d36/thumbnails/pi-lab-node-red-twitter-bot-v4.png
[18:50:21] OK  disk  /bl-content/uploads/pages/b3c9f34aa0cb8225b2ce75d480025d36/pi-lab-node-red-twitter-bot-v6.png
[18:50:21] OK  disk  /bl-content/uploads/pages/b3c9f34aa0cb8225b2ce75d480025d36/pi-lab-node-red-twitter-bot-v4.5.png
[18:50:21] OK  disk  /bl-content/uploads/pages/b3c9f34aa0cb8225b2ce75d480025d36/pi-lab-node-red-twitter-bot-flow.png
[18:50:21] OK  disk  /bl-content/uploads/pages/b3c9f34aa0cb8225b2ce75d480025d36/node-red-logo-2.png
[18:50:22] OK  disk  /bl-content/uploads/pages/b3c9f34aa0cb8225b2ce75d480025d36/pi-lab-node-red-twitter-bot.png
[18:50:22] OK  disk  /bl-content/uploads/pages/b3c9f34aa0cb8225b2ce75d480025d36/pi-lab-node-red-twitter-bot-v4.png
[18:50:22] OK  disk  /bl-content/uploads/pages/0e9263b7d2f8b652caac722b98ae9511/pi-hole.png
[18:50:22] OK  disk  /bl-content/uploads/pages/0e9263b7d2f8b652caac722b98ae9511/pihole-new-png.png
[18:50:22] OK  disk  /bl-content/uploads/pages/0e9263b7d2f8b652caac722b98ae9511/thumbnails/pi-hole.png
[18:50:22] OK  disk  /bl-content/uploads/pages/0e9263b7d2f8b652caac722b98ae9511/thumbnails/pihole-new-png.png
[18:50:22] OK  disk  /bl-content/uploads/pages/fb278e888106a04975f6062d82165f52/pilab-metrics.png
[18:50:22] OK  disk  /bl-content/uploads/pages/fb278e888106a04975f6062d82165f52/thumbnails/pilab-metrics.png
[18:50:22] OK  disk  /bl-content/uploads/pages/fb278e888106a04975f6062d82165f52/thumbnails/pilab-metrics-new-png.png
[18:50:22] OK  disk  /bl-content/uploads/pages/fb278e888106a04975f6062d82165f52/pilab-metrics-new-png.png
[18:50:22] OK  disk  /bl-content/uploads/pages/b76e72cdd1ec17ffdf9eab71f7338e98/thumbnails/ai-game-collection.webp
[18:50:22] OK  disk  /bl-content/uploads/pages/b76e72cdd1ec17ffdf9eab71f7338e98/aigamecollection-png.png
[18:50:22] OK  disk  /bl-content/uploads/pages/b76e72cdd1ec17ffdf9eab71f7338e98/ai-game-collection.webp
[18:50:22] OK  disk  /bl-content/uploads/pages/autosave-6968c1c0dfc10df31f7685952c0cf488/roadside-america-new-png.png
[18:50:22] OK  disk  /bl-content/uploads/pages/autosave-6968c1c0dfc10df31f7685952c0cf488/thumbnails/roadside-america-new-png.png
[18:50:22] OK  disk  /bl-content/uploads/pages/autosave-6968c1c0dfc10df31f7685952c0cf488/thumbnails/roadside-america.png
[18:50:22] OK  disk  /bl-content/uploads/pages/autosave-6968c1c0dfc10df31f7685952c0cf488/roadside-america.png
[18:50:22] OK  disk  /bl-content/uploads/pages/fcdb80d303d1fe7901dd6d939ebe87c3/thumbnails/pi-hole-upgrade-new-png.png
[18:50:22] OK  disk  /bl-content/uploads/pages/fcdb80d303d1fe7901dd6d939ebe87c3/thumbnails/pi-hole-upgrade2.png
[18:50:22] OK  disk  /bl-content/uploads/pages/fcdb80d303d1fe7901dd6d939ebe87c3/thumbnails/tailscale-dns.png
[18:50:22] OK  disk  /bl-content/uploads/pages/fcdb80d303d1fe7901dd6d939ebe87c3/thumbnails/tailscale-settings-route-updated-new.png
[18:50:22] OK  disk  /bl-content/uploads/pages/fcdb80d303d1fe7901dd6d939ebe87c3/pi-hole-upgrade-new-png.png
[18:50:22] OK  disk  /bl-content/uploads/pages/fcdb80d303d1fe7901dd6d939ebe87c3/pi-hole-upgrade2.png
[18:50:22] OK  disk  /bl-content/uploads/pages/fcdb80d303d1fe7901dd6d939ebe87c3/tailscale-dns.png
[18:50:22] OK  disk  /bl-content/uploads/pages/fcdb80d303d1fe7901dd6d939ebe87c3/tailscale-settings-route-updated-new.png
[18:50:22] OK  disk  /bl-content/uploads/pages/75985f8036100bd2c1f9c4ca271e499f/thumbnails/pilab-setup-new-png.png
[18:50:22] OK  disk  /bl-content/uploads/pages/75985f8036100bd2c1f9c4ca271e499f/thumbnails/pi-plus-bludit-equals-pilab.png
[18:50:22] OK  disk  /bl-content/uploads/pages/75985f8036100bd2c1f9c4ca271e499f/pilab-setup-new-png.png
[18:50:22] OK  disk  /bl-content/uploads/pages/75985f8036100bd2c1f9c4ca271e499f/pi-plus-bludit-equals-pilab.png
[18:50:22] OK  disk  /bl-content/uploads/pages/e678e6a723a26a5ecb7a5f79030f0ab7/thumbnails/homelab-large-png.png
[18:50:22] OK  disk  /bl-content/uploads/pages/e678e6a723a26a5ecb7a5f79030f0ab7/thumbnails/homelab-png.png
[18:50:22] OK  disk  /bl-content/uploads/pages/e678e6a723a26a5ecb7a5f79030f0ab7/homelab-large-png.png
[18:50:22] OK  disk  /bl-content/uploads/pages/e678e6a723a26a5ecb7a5f79030f0ab7/homelab-newer-png.png
[18:50:22] OK  disk  /bl-content/uploads/pages/e678e6a723a26a5ecb7a5f79030f0ab7/homelab-png.png
[18:50:22] OK  disk  /bl-content/uploads/pages/393c200818d533248492f5bf17bffaf6/thumbnails/randomgoat.jpg
[18:50:22] OK  disk  /bl-content/uploads/pages/393c200818d533248492f5bf17bffaf6/randomgoat.jpg
[18:50:22] OK  disk  /bl-content/uploads/pages/2dcc539255956b2c8ec293f1ea620010/thumbnails/libretto.png
[18:50:22] OK  disk  /bl-content/uploads/pages/2dcc539255956b2c8ec293f1ea620010/libretto-new-png.png
[18:50:22] OK  disk  /bl-content/uploads/pages/2dcc539255956b2c8ec293f1ea620010/libretto.png
[18:50:22] OK  disk  /bl-content/uploads/pages/d128e01386b48d8dcb7a6b8e253fc513/thumbnails/twitter-bot-icon.png
[18:50:22] OK  disk  /bl-content/uploads/pages/d128e01386b48d8dcb7a6b8e253fc513/thumbnails/twitter-bot-new-png.png
[18:50:22] OK  disk  /bl-content/uploads/pages/d128e01386b48d8dcb7a6b8e253fc513/twitter-bot-icon.png
[18:50:22] OK  disk  /bl-content/uploads/pages/d128e01386b48d8dcb7a6b8e253fc513/twitter-bot-new-png.png
[18:50:22] OK  disk  /bl-content/uploads/pages/b374f0cffd10282127faa3aad2061f6d/jellyfin-nowplaying-updated.png
[18:50:22] OK  disk  /bl-content/uploads/pages/b374f0cffd10282127faa3aad2061f6d/thumbnails/jellyfin-nowplaying-updated.png
[18:50:22] OK  disk  /bl-content/uploads/pages/b374f0cffd10282127faa3aad2061f6d/thumbnails/jellyfin-nowplaying-new-png.png
[18:50:22] OK  disk  /bl-content/uploads/pages/b374f0cffd10282127faa3aad2061f6d/thumbnails/jellyfin-nowplaying-terminal.png
[18:50:22] OK  disk  /bl-content/uploads/pages/b374f0cffd10282127faa3aad2061f6d/jellyfin-nowplaying-new-png.png
[18:50:22] OK  disk  /bl-content/uploads/pages/b374f0cffd10282127faa3aad2061f6d/jellyfin-nowplaying-terminal.png
[18:50:22] OK  disk  /bl-content/uploads/pages/b488323d86f5d481bf4bac8f975a2ca3/octoprint.png
[18:50:22] OK  disk  /bl-content/uploads/pages/b488323d86f5d481bf4bac8f975a2ca3/thumbnails/octoprint.png
[18:50:22] OK  disk  /bl-content/uploads/pages/b488323d86f5d481bf4bac8f975a2ca3/thumbnails/roomba-mod.png
[18:50:22] OK  disk  /bl-content/uploads/pages/b488323d86f5d481bf4bac8f975a2ca3/thumbnails/octoprint-new-png.png
[18:50:22] OK  disk  /bl-content/uploads/pages/b488323d86f5d481bf4bac8f975a2ca3/thumbnails/octoprint-node.png
[18:50:22] OK  disk  /bl-content/uploads/pages/b488323d86f5d481bf4bac8f975a2ca3/roomba-mod.png
[18:50:22] OK  disk  /bl-content/uploads/pages/b488323d86f5d481bf4bac8f975a2ca3/octoprint-new-png.png
[18:50:22] OK  disk  /bl-content/uploads/pages/b488323d86f5d481bf4bac8f975a2ca3/octoprint-node.png
[18:50:22] OK  disk  /bl-content/uploads/pages/11dd47063b35a63a109bb462a9f0ef92/thumbnails/pizero-webserver-v2-large-compressed.png
[18:50:22] OK  disk  /bl-content/uploads/pages/11dd47063b35a63a109bb462a9f0ef92/thumbnails/pizero-webserver-v2-compressed.jpg
[18:50:22] OK  disk  /bl-content/uploads/pages/11dd47063b35a63a109bb462a9f0ef92/pizero-webserver-v2-large-compressed.png
[18:50:22] OK  disk  /bl-content/uploads/pages/11dd47063b35a63a109bb462a9f0ef92/pizero-webserver-v2-compressed.jpg
[18:50:22] OK  disk  /bl-content/uploads/pages/31d198e511566000181e6b03fd9c964c/thumbnails/node-red-upgrade.png
[18:50:22] OK  disk  /bl-content/uploads/pages/31d198e511566000181e6b03fd9c964c/thumbnails/node-red-upgrade-new-png.png
[18:50:22] OK  disk  /bl-content/uploads/pages/31d198e511566000181e6b03fd9c964c/node-red-upgrade.png
[18:50:23] OK  disk  /bl-content/uploads/pages/31d198e511566000181e6b03fd9c964c/node-red-upgrade-new-png.png
[18:50:23] OK  disk  /bl-content/uploads/pages/48e9af50afbf5dbdd07597bfc0c79204/bludit-vagrant.png
[18:50:23] OK  disk  /bl-content/uploads/pages/48e9af50afbf5dbdd07597bfc0c79204/thumbnails/bludit-vagrant.png
[18:50:23] OK  disk  /bl-content/uploads/pages/48e9af50afbf5dbdd07597bfc0c79204/thumbnails/vagrant-bludit-png.png
[18:50:23] OK  disk  /bl-content/uploads/pages/48e9af50afbf5dbdd07597bfc0c79204/vagrant-bludit-png.png
[18:50:23] OK  disk  /bl-content/uploads/pages/6bef1d6939b8b0d64ff01d308792dccf/upgrade-v3.9.0.png
[18:50:23] OK  disk  /bl-content/uploads/pages/6bef1d6939b8b0d64ff01d308792dccf/thumbnails/upgrade-v3.9.0.png
[18:50:23] OK  disk  /bl-content/uploads/pages/6bef1d6939b8b0d64ff01d308792dccf/thumbnails/cms-upgrade-new-png.png
[18:50:23] OK  disk  /bl-content/uploads/pages/6bef1d6939b8b0d64ff01d308792dccf/cms-upgrade-new-png.png
[18:50:23] OK  disk  /bl-content/uploads/pages/3fd45a5ffc8202fb27925d085a5d08b6/thumbnails/quickwordpress-compressed.jpg
[18:50:23] OK  disk  /bl-content/uploads/pages/3fd45a5ffc8202fb27925d085a5d08b6/thumbnails/quick-wp-new-png.png
[18:50:23] OK  disk  /bl-content/uploads/pages/3fd45a5ffc8202fb27925d085a5d08b6/quickwordpress-compressed.jpg
[18:50:23] OK  disk  /bl-content/uploads/pages/3fd45a5ffc8202fb27925d085a5d08b6/quick-wp-new-png.png
[18:50:23] OK  disk  /bl-content/uploads/pages/ad9fa4c4897cf959012c3604fefeda53/thumbnails/ubuntuce-desktop.png
[18:50:23] OK  disk  /bl-content/uploads/pages/ad9fa4c4897cf959012c3604fefeda53/thumbnails/ubuntuce.png
[18:50:23] OK  disk  /bl-content/uploads/pages/ad9fa4c4897cf959012c3604fefeda53/thumbnails/ubuntuce-welcome-tab2.png
[18:50:23] OK  disk  /bl-content/uploads/pages/ad9fa4c4897cf959012c3604fefeda53/ubuntuce-desktop.png
[18:50:23] OK  disk  /bl-content/uploads/pages/ad9fa4c4897cf959012c3604fefeda53/ubuntuce.png
[18:50:23] OK  disk  /bl-content/uploads/pages/ad9fa4c4897cf959012c3604fefeda53/ubuntuce-welcome-tab2.png
[18:50:23] OK  disk  /bl-content/uploads/pages/403721c70917a1fdddf11e33a1fa0365/glimpse-large-png.png
[18:50:23] OK  disk  /bl-content/uploads/pages/403721c70917a1fdddf11e33a1fa0365/thumbnails/glimpse-large-png.png
[18:50:23] OK  disk  /bl-content/uploads/pages/403721c70917a1fdddf11e33a1fa0365/thumbnails/glimpse-png.png
[18:50:23] OK  disk  /bl-content/uploads/pages/403721c70917a1fdddf11e33a1fa0365/glimpse-png.png
[18:50:23] OK  disk  /bl-content/uploads/pages/403721c70917a1fdddf11e33a1fa0365/glimpse-newer-png_0.png
[18:50:23] OK  disk  /bl-content/uploads/pages/e7452072631a01dcade0155ff1add7d1/thumbnails/pizero-dashboard.png
[18:50:23] OK  disk  /bl-content/uploads/pages/e7452072631a01dcade0155ff1add7d1/thumbnails/pizero-dashboard-thumb.png
[18:50:23] OK  disk  /bl-content/uploads/pages/e7452072631a01dcade0155ff1add7d1/pizero-dashboard.png
[18:50:23] OK  disk  /bl-content/uploads/pages/e7452072631a01dcade0155ff1add7d1/pizero-dashboard-thumb.png
[18:50:23] OK  disk  /bl-content/uploads/pages/519ce125498e432461bb1b7403f15f28/pi-dashboard-small-compressed.jpg
[18:50:23] OK  disk  /bl-content/uploads/pages/519ce125498e432461bb1b7403f15f28/thumbnails/pi-dashboard-small-compressed.jpg
[18:50:23] OK  disk  /bl-content/uploads/pages/519ce125498e432461bb1b7403f15f28/thumbnails/pi-dashboard-medium-narrow-compressed.png
[18:50:23] OK  disk  /bl-content/uploads/pages/519ce125498e432461bb1b7403f15f28/pi-dashboard-medium-narrow-compressed.png
[18:50:23] OK  disk  /bl-content/uploads/pages/8a019b2df8ce1f9067ac6b5319cdd3fc/thumbnails/pi-lab-upgraded.png
[18:50:23] OK  disk  /bl-content/uploads/pages/8a019b2df8ce1f9067ac6b5319cdd3fc/thumbnails/pi-lab-upgrade-new-png.png
[18:50:23] OK  disk  /bl-content/uploads/pages/8a019b2df8ce1f9067ac6b5319cdd3fc/pi-lab-upgraded.png
[18:50:23] OK  disk  /bl-content/uploads/pages/8a019b2df8ce1f9067ac6b5319cdd3fc/pi-lab-upgrade-new-png.png
[18:50:23] OK  disk  /bl-content/uploads/pages/a6acaf597184568573ad9c2c2dcd35a0/thumbnails/3dpinter.jpg
[18:50:23] OK  disk  /bl-content/uploads/pages/a6acaf597184568573ad9c2c2dcd35a0/3dpinter.jpg
[18:50:23] OK  disk  /bl-content/uploads/pages/2e2762b3524a642f87e1dda68eabfc0d/thumbnails/onn-4k-2.png
[18:50:23] OK  disk  /bl-content/uploads/pages/2e2762b3524a642f87e1dda68eabfc0d/thumbnails/travel-tv-box.png
[18:50:23] OK  disk  /bl-content/uploads/pages/2e2762b3524a642f87e1dda68eabfc0d/thumbnails/perfect-travel-box-png.png
[18:50:23] OK  disk  /bl-content/uploads/pages/2e2762b3524a642f87e1dda68eabfc0d/onn-4k-2.png
[18:50:23] OK  disk  /bl-content/uploads/pages/2e2762b3524a642f87e1dda68eabfc0d/travel-tv-box.png
[18:50:23] OK  disk  /bl-content/uploads/pages/2e2762b3524a642f87e1dda68eabfc0d/perfect-travel-box-png.png
[18:50:23] OK  disk  /bl-content/uploads/pages/ac8ccb18a83431544795409cc634f1df/thumbnails/bludit.png
[18:50:23] OK  disk  /bl-content/uploads/pages/ac8ccb18a83431544795409cc634f1df/thumbnails/bludit-new-png.png
[18:50:23] OK  disk  /bl-content/uploads/pages/ac8ccb18a83431544795409cc634f1df/bludit.png
[18:50:23] OK  disk  /bl-content/uploads/pages/ac8ccb18a83431544795409cc634f1df/bludit-new-png.png
[18:50:23] OK  disk  /bl-content/uploads/pages/b2824f25debdfd4c320c3717545b05c8/thumbnails/tailscale-dns.png
[18:50:23] OK  disk  /bl-content/uploads/pages/b2824f25debdfd4c320c3717545b05c8/thumbnails/tailscale-setup.png
[18:50:23] OK  disk  /bl-content/uploads/pages/b2824f25debdfd4c320c3717545b05c8/thumbnails/pihole-tailscale-png.png
[18:50:23] OK  disk  /bl-content/uploads/pages/b2824f25debdfd4c320c3717545b05c8/thumbnails/dual-pi-holetailscale.png
[18:50:23] OK  disk  /bl-content/uploads/pages/b2824f25debdfd4c320c3717545b05c8/tailscale-dns.png
[18:50:23] OK  disk  /bl-content/uploads/pages/b2824f25debdfd4c320c3717545b05c8/tailscale-setup.png
[18:50:23] OK  disk  /bl-content/uploads/pages/b2824f25debdfd4c320c3717545b05c8/pihole-tailscale-png.png
[18:50:23] OK  disk  /bl-content/uploads/pages/b2824f25debdfd4c320c3717545b05c8/dual-pi-holetailscale.png
[18:50:23] OK  disk  /bl-content/uploads/pages/327e0dfa19bb26d9f9a78d54efa5ef47/pilab-jerme-png.png
[18:50:23] OK  disk  /bl-content/uploads/pages/c103fd8b6b8961f33b54a7c4b3aa152a/put-settings-back.png
[18:50:23] OK  disk  /bl-content/uploads/pages/c103fd8b6b8961f33b54a7c4b3aa152a/expand-root.png
[18:50:23] OK  disk  /bl-content/uploads/pages/c103fd8b6b8961f33b54a7c4b3aa152a/thumbnails/put-settings-back.png
[18:50:23] OK  disk  /bl-content/uploads/pages/c103fd8b6b8961f33b54a7c4b3aa152a/thumbnails/expand-root.png
[18:50:23] OK  disk  /bl-content/uploads/pages/c103fd8b6b8961f33b54a7c4b3aa152a/thumbnails/move-settings-to-end.png
[18:50:23] OK  disk  /bl-content/uploads/pages/c103fd8b6b8961f33b54a7c4b3aa152a/thumbnails/sdcard.png
[18:50:23] OK  disk  /bl-content/uploads/pages/c103fd8b6b8961f33b54a7c4b3aa152a/thumbnails/expand-extended.png
[18:50:23] OK  disk  /bl-content/uploads/pages/c103fd8b6b8961f33b54a7c4b3aa152a/move-settings-to-end.png
[18:50:23] OK  disk  /bl-content/uploads/pages/c103fd8b6b8961f33b54a7c4b3aa152a/sdcard.png
[18:50:23] OK  disk  /bl-content/uploads/pages/c103fd8b6b8961f33b54a7c4b3aa152a/expand-extended.png
[18:50:23] OK  disk  /bl-content/uploads/pages/368d6e3f2b9f117cdf337cf85bccc288/thumbnails/seti-at-home-halted.jpg
[18:50:23] OK  disk  /bl-content/uploads/pages/368d6e3f2b9f117cdf337cf85bccc288/thumbnails/setiathome-new-png.png
[18:50:23] OK  disk  /bl-content/uploads/pages/368d6e3f2b9f117cdf337cf85bccc288/seti-at-home-halted.jpg
[18:50:23] OK  disk  /bl-content/uploads/pages/368d6e3f2b9f117cdf337cf85bccc288/setiathome-new-png.png
[18:50:23] OK  disk  /bl-content/uploads/pages/afc7a527f2b1d3dac643a3a2567b279f/thumbnails/pi-lab-monitor.png
[18:50:23] OK  disk  /bl-content/uploads/pages/afc7a527f2b1d3dac643a3a2567b279f/thumbnails/pi-lab-monitor-large.png
[18:50:23] OK  disk  /bl-content/uploads/pages/afc7a527f2b1d3dac643a3a2567b279f/pi-lab-monitor.png
[18:50:23] OK  disk  /bl-content/uploads/pages/afc7a527f2b1d3dac643a3a2567b279f/pi-lab-monitor-large.png
[18:50:23] OK  disk  /bl-content/uploads/pages/4f233e670b86b100f116ec687154246e/bluditpi-new-png.png
[18:50:23] OK  disk  /bl-content/uploads/pages/4f233e670b86b100f116ec687154246e/thumbnails/bluditpi-new-png.png
[18:50:23] OK  disk  /bl-content/uploads/pages/4f233e670b86b100f116ec687154246e/thumbnails/bludit-pi.png
[18:50:23] OK  disk  /bl-content/uploads/pages/4f233e670b86b100f116ec687154246e/bludit-pi.png
[18:50:23] OK  disk  /bl-content/uploads/pages/a8ba2bb7e4c479cba0ff43de0c29f940/gatsby-bludit-new-png.png
[18:50:23] OK  disk  /bl-content/uploads/pages/a8ba2bb7e4c479cba0ff43de0c29f940/thumbnails/gatsby-bludit-new-png.png
[18:50:23] OK  disk  /bl-content/uploads/pages/a8ba2bb7e4c479cba0ff43de0c29f940/thumbnails/gatsby-bludit.png
[18:50:23] OK  disk  /bl-content/uploads/pages/a8ba2bb7e4c479cba0ff43de0c29f940/gatsby-bludit.png
[18:50:23] OK  disk  /bl-content/uploads/pages/63d64ed2633a1938cd79e877208f471f/thumbnails/media-nodes-stacked.png
[18:50:23] OK  disk  /bl-content/uploads/pages/63d64ed2633a1938cd79e877208f471f/thumbnails/media-drive.png
[18:50:23] OK  disk  /bl-content/uploads/pages/63d64ed2633a1938cd79e877208f471f/media-nodes-stacked.png
[18:50:23] OK  disk  /bl-content/uploads/pages/63d64ed2633a1938cd79e877208f471f/media-drive.png
[18:50:23] OK  disk  /bl-content/uploads/pages/43b7edbcad678bca496b82316ea68fed/thumbnails/plex-upgrade-large.png
[18:50:23] OK  disk  /bl-content/uploads/pages/43b7edbcad678bca496b82316ea68fed/thumbnails/plex-upgrade.png
[18:50:23] OK  disk  /bl-content/uploads/pages/43b7edbcad678bca496b82316ea68fed/thumbnails/plex-upgrade-png.png
[18:50:23] OK  disk  /bl-content/uploads/pages/43b7edbcad678bca496b82316ea68fed/plex-upgrade-large.png
[18:50:23] OK  disk  /bl-content/uploads/pages/43b7edbcad678bca496b82316ea68fed/plex-upgrade.png
[18:50:23] OK  disk  /bl-content/uploads/pages/43b7edbcad678bca496b82316ea68fed/plex-upgrade-png.png
[18:50:23] OK  disk  /bl-content/uploads/pages/219aae05a3dcc7dbe11d1df5596c15e4/resources-page.png
[18:50:24] OK  disk  /bl-content/uploads/pages/219aae05a3dcc7dbe11d1df5596c15e4/thumbnails/resources-page.png
[18:50:24] OK  disk  /bl-content/uploads/pages/219aae05a3dcc7dbe11d1df5596c15e4/thumbnails/resources-new-png.png
[18:50:24] OK  disk  /bl-content/uploads/pages/219aae05a3dcc7dbe11d1df5596c15e4/resources-new-png.png
[18:50:24] OK  disk  /bl-themes/nova/img/jereme-meta.png
[18:50:24] OK  render /?page=1
[18:50:24] OK  disk  /images/check-it-out-on-github.png
[18:50:24] OK  disk  /bl-themes/nova/img/404.gif
[18:50:24] OK  disk  /images/get-it-on-google-play.png
[18:50:24] OK  render /category/archived?page=2
[18:50:24] OK  render /category/archived?page=3
[18:50:25] OK  render /category/archived?page=4
[18:50:25] OK  render /category/archived?page=5
[18:50:25] OK  render /category/archived?page=6
[18:50:26] OK  render /category/general?page=2
[18:50:26] OK  render /tag/bludit?page=2
[18:50:26] OK  render /tag/bludit?page=3
[18:50:27] OK  render /tag/pi?page=2
[18:50:27] OK  render /tag/pi?page=3
[18:50:27] OK  render /tag/pi?page=4
[18:50:27] OK  render /tag/plex?page=2
[18:50:28] OK  render /tag/raspberry-pi?page=2
[18:50:28] OK  render /tag/raspberry-pi?page=3
[18:50:28] OK  render /tag/raspberry-pi?page=4
[18:50:28] OK  render /tag/selfhosting?page=2
[18:50:29] OK  render /category/archived?page=1
[18:50:29] OK  render /category/general?page=1
[18:50:29] OK  render /tag/bludit?page=1
[18:50:29] OK  render /tag/pi?page=1
[18:50:30] OK  render /tag/plex?page=1
[18:50:30] OK  render /tag/raspberry-pi?page=1
[18:50:30] OK  render /tag/selfhosting?page=1
[18:50:30] OK  copy  /homelab/ (1 files)
[18:50:31] OK  render 404 -> 404.html
[18:50:31] Build finished: Fetched 422 URLs (0 errors) in 48.44s
